// Jest Snapshot v1, https://goo.gl/fbAQLP

exports[`App.vue should render the component correctly 1`] = `
<div>
  <div
    class="navigation-bar d-flex-center"
  >
    <div
      class="text-align-center font-color-white font-weight-600"
    >
      Madison Reed | Gallery
    </div>
  </div>
   
  <div>
    <div
      class="spinner-container d-flex-center"
    >
      <div
        class="spinner"
      >
        <div />
        <div />
        <div />
        <div />
      </div>
    </div>
  </div>
</div>
`;
