// Jest Snapshot v1, https://goo.gl/fbAQLP

exports[`PhotosGallery.vue should render the component correctly 1`] = `
<div
  class="photos-gallery-container"
>
  <div
    class="d-flex-center"
  >
    <transition-stub
      name="fade"
    >
      <!---->
    </transition-stub>
     
    <div>
      <div
        class="grid-container"
      />
    </div>
  </div>
</div>
`;
